cargo :    Compiling orc-rust-ator v0.1.0 
(C:\rust_projects\orc-rust-ator)
At line:1 char:1
+ cargo test 
test_create_and_run_job_lifecycle -- 
--nocapture > test_ou ...
+ ~~~~~~~~~~~~~~~~~~~~~~~~~~~~~~~~~~~~~~~~
~~~~~~~~~~~~~~~~~~~~~~~~~~~~~
    + CategoryInfo          : NotSpecifie 
   d: (   Compiling or...\orc-rust-ator)  
  :String) [], RemoteException
    + FullyQualifiedErrorId : NativeComma 
   ndError
 
warning: unused import: `std::env`
  --> src\orchestrator\job_manager.rs:83:9
   |
83 |     use std::env;
   |         ^^^^^^^^
   |
   = note: `#[warn(unused_imports)]` on 
by default

warning: unused imports: `Pool`, 
`Postgres`, and `Sqlite`
  --> src\state\db.rs:10:41
   |
10 | use sqlx::{FromRow, PgPool, 
SqlitePool, Pool, Postgres, Sqlite};
   |                                      
   ^^^^  ^^^^^^^^  ^^^^^^
   |
   = note: `#[warn(unused_imports)]` on 
by default

warning: unused imports: `Pool`, 
`Postgres`, and `Sqlite`
  --> src\state\db.rs:10:41
   |
10 | use sqlx::{FromRow, PgPool, 
SqlitePool, Pool, Postgres, Sqlite};
   |                                      
   ^^^^  ^^^^^^^^  ^^^^^^

warning: `orc-rust-ator` (lib) generated 
1 warning (run `cargo fix --lib -p 
orc-rust-ator` to apply 1 suggestion)
warning: `orc-rust-ator` (lib test) 
generated 2 warnings (run `cargo fix 
--lib -p orc-rust-ator --tests` to apply 
2 suggestions)
    Finished `test` profile [unoptimized 
+ debuginfo] target(s) in 53.51s
     Running unittests src\lib.rs (target\
debug\deps\orc_rust_ator-65a85db39f6fa2a6.
exe)

running 0 tests

test result: ok. 0 passed; 0 failed; 0 ignored; 0 measured; 1 filtered out; finished in 0.00s

     Running unittests src\main.rs (target
\debug\deps\orc_rust_ator-2e22a253afed9d8e
.exe)

running 0 tests

test result: ok. 0 passed; 0 failed; 0 ignored; 0 measured; 0 filtered out; finished in 0.00s

     Running tests\integration_test.rs (ta
rget\debug\deps\integration_test-8da0529de
97deb0d.exe)

running 1 test
2026-02-13 10:53:49|24.2814ms|INFO|src\orchestrator\scheduler.rs|Scheduler started.
2026-02-13 10:53:49|24.8173ms|INFO|src\orchestrator\worker_manager.rs|WorkerManager started.
2026-02-13 10:53:49|27.7128ms|INFO|src\api\handlers.rs|Received request to create job: Test CSV to DuckDB
2026-02-13 10:53:49|27.804ms|INFO|src\orchestrator\job_manager.rs|JobManager: Creating job definition for 'Test CSV to DuckDB'
2026-02-13 10:53:49|28.8642ms|INFO|src\orchestrator\job_manager.rs|JobManager: Job definition 'Test CSV to DuckDB' created with ID: cf255598-8d24-4322-a697-19300a7983d1
2026-02-13 10:53:49|28.9573ms|INFO|src\orchestrator\job_manager.rs|JobManager: Creating task 1 for job 'cf255598-8d24-4322-a697-19300a7983d1'
2026-02-13 10:53:49|29.9568ms|INFO|src\orchestrator\job_manager.rs|JobManager: Task 1 for job 'cf255598-8d24-4322-a697-19300a7983d1' created.
2026-02-13 10:53:49|30.0712ms|INFO|src\orchestrator\job_manager.rs|JobManager: Successfully created job 'Test CSV to DuckDB' with all tasks.
2026-02-13 10:53:49|30.1563ms|INFO|src\api\handlers.rs|Successfully created job: Test CSV to DuckDB
2026-02-13 10:53:49|32.6834ms|INFO|src\api\handlers.rs|Received request to run job: cf255598-8d24-4322-a697-19300a7983d1
2026-02-13 10:53:49|33.7806ms|INFO|src\api\handlers.rs|Successfully queued job run for job: cf255598-8d24-4322-a697-19300a7983d1
2026-02-13 10:53:49|35.0738ms|INFO|src\api\handlers.rs|Received request to get all job runs.
2026-02-13 10:53:49|35.9068ms|INFO|src\api\handlers.rs|Successfully retrieved all job runs.
2026-02-13 10:53:50|1.0450818s|INFO|src\api\handlers.rs|Received request to get all job runs.
2026-02-13 10:53:50|1.0460352s|INFO|src\api\handlers.rs|Successfully retrieved all job runs.
2026-02-13 10:53:51|2.0524709s|INFO|src\api\handlers.rs|Received request to get all job runs.
2026-02-13 10:53:51|2.0534609s|INFO|src\api\handlers.rs|Successfully retrieved all job runs.
2026-02-13 10:53:52|3.0635228s|INFO|src\api\handlers.rs|Received request to get all job runs.
2026-02-13 10:53:52|3.0644463s|INFO|src\api\handlers.rs|Successfully retrieved all job runs.
2026-02-13 10:53:53|4.0710686s|INFO|src\api\handlers.rs|Received request to get all job runs.
2026-02-13 10:53:53|4.0718667s|INFO|src\api\handlers.rs|Successfully retrieved all job runs.
2026-02-13 10:53:54|5.0879076s|INFO|src\api\handlers.rs|Received request to get all job runs.
2026-02-13 10:53:54|5.0885829s|INFO|src\api\handlers.rs|Successfully retrieved all job runs.
2026-02-13 10:53:55|6.0957549s|INFO|src\api\handlers.rs|Received request to get all job runs.
2026-02-13 10:53:55|6.0964133s|INFO|src\api\handlers.rs|Successfully retrieved all job runs.
2026-02-13 10:53:56|7.1057433s|INFO|src\api\handlers.rs|Received request to get all job runs.
2026-02-13 10:53:56|7.1064153s|INFO|src\api\handlers.rs|Successfully retrieved all job runs.
2026-02-13 10:53:57|8.1183604s|INFO|src\api\handlers.rs|Received request to get all job runs.
2026-02-13 10:53:57|8.1190232s|INFO|src\api\handlers.rs|Successfully retrieved all job runs.
2026-02-13 10:53:58|9.1326473s|INFO|src\api\handlers.rs|Received request to get all job runs.
2026-02-13 10:53:58|9.1334541s|INFO|src\api\handlers.rs|Successfully retrieved all job runs.
2026-02-13 10:53:59|10.0354448s|INFO|src\orchestrator\worker_manager.rs|WorkerManager: Found queued job run: 8f53675c-9c53-4e0b-b62d-ef71cf1e5b4d
2026-02-13 10:53:59|10.0361286s|INFO|src\orchestrator\worker_manager.rs|WorkerManager: Job run 8f53675c-9c53-4e0b-b62d-ef71cf1e5b4d status set to 'running'.
2026-02-13 10:53:59|10.0363969s|INFO|src\worker\mod.rs|Worker: Starting worker for job run: 8f53675c-9c53-4e0b-b62d-ef71cf1e5b4d
2026-02-13 10:53:59|10.0364948s|INFO|src\worker\mod.rs|Worker: Executing job run 8f53675c-9c53-4e0b-b62d-ef71cf1e5b4d with max retries: 3
2026-02-13 10:53:59|10.0365393s|INFO|src\worker\mod.rs|Worker: Executing job cf255598-8d24-4322-a697-19300a7983d1 for run 8f53675c-9c53-4e0b-b62d-ef71cf1e5b4d.
2026-02-13 10:53:59|10.0374485s|INFO|src\worker\mod.rs|Worker: Processing task 1 for job cf255598-8d24-4322-a697-19300a7983d1.
2026-02-13 10:53:59|10.03767s|INFO|src\worker\mod.rs|Worker: Extracting data for task 1 in job cf255598-8d24-4322-a697-19300a7983d1.
2026-02-13 10:53:59|10.0693683s|INFO|src\worker\mod.rs|Worker: Data extracted for task 1 in job cf255598-8d24-4322-a697-19300a7983d1. Rows: 2
2026-02-13 10:53:59|10.0694588s|INFO|src\worker\mod.rs|Worker: Loading data for task 1 in job cf255598-8d24-4322-a697-19300a7983d1.
2026-02-13 10:53:59|10.0695151s|INFO|src\plugins\loaders\duckdb_loader.rs|Preparing DuckDB load via CSV bridge. [3mpath[0m[2m=[0m:memory: [3mtable[0m[2m=[0mtest_output [3mrows[0m[2m=[0m2
2026-02-13 10:53:59|10.1264691s|INFO|src\plugins\loaders\duckdb_loader.rs|Loading data into DuckDB using read_csv.

thread 
'test_create_and_run_job_lifecycle' 
panicked at 
tests\integration_test.rs:86:5:
assertion `left == right` failed
  left: "queued"
 right: "success"
note: run with `RUST_BACKTRACE=1` 
environment variable to display a 
backtrace
2026-02-13 10:53:59|10.1467481s|INFO|src\plugins\loaders\duckdb_loader.rs|DuckDB read_csv query successful.
test test_create_and_run_job_lifecycle ... FAILED

failures:

failures:
    test_create_and_run_job_lifecycle

test result: FAILED. 0 passed; 1 failed; 0 ignored; 0 measured; 1 filtered out; finished in 10.15s

error: test failed, to rerun pass `--test 
integration_test`
